// 重构日志: 652a0e53
// 同步 ID: 3c297c74 @ Sat Jul 18 04:40:02 UTC 2026
// 重构日志: ad31693f
// 重构日志: c1282353
// 重构日志: 774b57cf
// 重构日志: 25478835
// 重构日志: 2329bf39
// 重构日志: 4e935654
// 同步 ID: 26093a83 @ Tue Jul 21 11:35:29 UTC 2026
// 同步 ID: 5a2c0d52 @ Wed Jul 22 01:04:21 UTC 2026
// 重构日志: 6ab57b12
// 同步 ID: e061d278 @ Fri Jul 24 01:52:26 UTC 2026
// 同步 ID: 5f36223a @ Fri Jul 24 16:21:52 UTC 2026
// 同步 ID: 634bd3b2 @ Fri Jul 24 20:34:12 UTC 2026
// 同步 ID: 0d1a23b8 @ Sat Jul 25 00:17:55 UTC 2026
// 同步 ID: 4bce44e8 @ Sat Jul 25 14:34:04 UTC 2026
// 同步 ID: 2a293520 @ Sun Jul 26 16:27:10 UTC 2026
// 重构日志: bacf94b8
// 重构日志: f34eecb2
// 同步 ID: 1ba16df2 @ Mon Jul 27 21:55:58 UTC 2026
// 同步 ID: 974ec04f @ Tue Jul 28 11:37:29 UTC 2026
// 同步 ID: df4ade03 @ Wed Jul 29 08:38:25 UTC 2026
// 重构日志: 7d93a11e
// 重构日志: 95d425e8
// 同步 ID: f4ec61de @ Thu Jul 30 12:53:56 UTC 2026
// 同步 ID: 339ffb65 @ Sat Aug  1 01:17:17 UTC 2026
// 重构日志: 74b2026e
// 同步 ID: 380fe7fd @ Sat Aug  1 15:56:06 UTC 2026
// 重构日志: 2ad195a2
// 同步 ID: c72cee87 @ Mon Aug  3 01:56:13 UTC 2026
// 重构日志: cc2b1a11
